[16-Sep-2025 19:33:23 UTC] PHP Warning:  require_once(../config/session_init.php): Failed to open stream: No such file or directory in /Users/saidpaculia/PhpstormProjects/AsuPhpAdminPanel/includes/auth_validate.php on line 5
[16-Sep-2025 19:33:23 UTC] PHP Fatal error:  Uncaught Error: Failed opening required '../config/session_init.php' (include_path='.:/opt/homebrew/Cellar/php/8.3.0/share/php/pear') in /Users/saidpaculia/PhpstormProjects/AsuPhpAdminPanel/includes/auth_validate.php:5
Stack trace:
#0 /Users/saidpaculia/PhpstormProjects/AsuPhpAdminPanel/index.php(4): require_once()
#1 {main}
  thrown in /Users/saidpaculia/PhpstormProjects/AsuPhpAdminPanel/includes/auth_validate.php on line 5
[16-Sep-2025 19:35:16 UTC] PHP Warning:  ini_set(): Session ini settings cannot be changed when a session is active in /Users/saidpaculia/PhpstormProjects/AsuPhpAdminPanel/config/session_init.php on line 5
[16-Sep-2025 19:35:16 UTC] PHP Warning:  ini_set(): Session ini settings cannot be changed when a session is active in /Users/saidpaculia/PhpstormProjects/AsuPhpAdminPanel/config/session_init.php on line 6
[16-Sep-2025 19:35:16 UTC] PHP Warning:  ini_set(): Session ini settings cannot be changed when a session is active in /Users/saidpaculia/PhpstormProjects/AsuPhpAdminPanel/config/session_init.php on line 7
[16-Sep-2025 19:35:16 UTC] PHP Warning:  ini_set(): Session ini settings cannot be changed when a session is active in /Users/saidpaculia/PhpstormProjects/AsuPhpAdminPanel/config/session_init.php on line 12
[16-Sep-2025 19:35:26 UTC] PHP Deprecated:  Constant FILTER_SANITIZE_STRING is deprecated in /Users/saidpaculia/PhpstormProjects/AsuPhpAdminPanel/authenticate.php on line 23
[16-Sep-2025 19:35:26 UTC] PHP Fatal error:  Uncaught Error: Call to undefined method MysqliDb::prepare() in /Users/saidpaculia/PhpstormProjects/AsuPhpAdminPanel/config/security.php:83
Stack trace:
#0 /Users/saidpaculia/PhpstormProjects/AsuPhpAdminPanel/config/security.php(59): BruteForceProtection->cleanOldAttempts()
#1 /Users/saidpaculia/PhpstormProjects/AsuPhpAdminPanel/authenticate.php(40): BruteForceProtection->isBlocked('psv', '::1')
#2 {main}
  thrown in /Users/saidpaculia/PhpstormProjects/AsuPhpAdminPanel/config/security.php on line 83
[16-Sep-2025 19:37:12 UTC] PHP Warning:  ini_set(): Session ini settings cannot be changed when a session is active in /Users/saidpaculia/PhpstormProjects/AsuPhpAdminPanel/config/session_init.php on line 5
[16-Sep-2025 19:37:12 UTC] PHP Warning:  ini_set(): Session ini settings cannot be changed when a session is active in /Users/saidpaculia/PhpstormProjects/AsuPhpAdminPanel/config/session_init.php on line 6
[16-Sep-2025 19:37:12 UTC] PHP Warning:  ini_set(): Session ini settings cannot be changed when a session is active in /Users/saidpaculia/PhpstormProjects/AsuPhpAdminPanel/config/session_init.php on line 7
[16-Sep-2025 19:37:12 UTC] PHP Warning:  ini_set(): Session ini settings cannot be changed when a session is active in /Users/saidpaculia/PhpstormProjects/AsuPhpAdminPanel/config/session_init.php on line 12
[16-Sep-2025 19:37:20 UTC] PHP Deprecated:  Constant FILTER_SANITIZE_STRING is deprecated in /Users/saidpaculia/PhpstormProjects/AsuPhpAdminPanel/authenticate.php on line 23
[16-Sep-2025 19:37:20 UTC] PHP Warning:  ini_set(): Session ini settings cannot be changed when a session is active in /Users/saidpaculia/PhpstormProjects/AsuPhpAdminPanel/config/session_init.php on line 5
[16-Sep-2025 19:37:20 UTC] PHP Warning:  ini_set(): Session ini settings cannot be changed when a session is active in /Users/saidpaculia/PhpstormProjects/AsuPhpAdminPanel/config/session_init.php on line 6
[16-Sep-2025 19:37:20 UTC] PHP Warning:  ini_set(): Session ini settings cannot be changed when a session is active in /Users/saidpaculia/PhpstormProjects/AsuPhpAdminPanel/config/session_init.php on line 7
[16-Sep-2025 19:37:20 UTC] PHP Warning:  ini_set(): Session ini settings cannot be changed when a session is active in /Users/saidpaculia/PhpstormProjects/AsuPhpAdminPanel/config/session_init.php on line 12
[16-Sep-2025 19:37:24 UTC] PHP Warning:  ini_set(): Session ini settings cannot be changed when a session is active in /Users/saidpaculia/PhpstormProjects/AsuPhpAdminPanel/config/session_init.php on line 5
[16-Sep-2025 19:37:24 UTC] PHP Warning:  ini_set(): Session ini settings cannot be changed when a session is active in /Users/saidpaculia/PhpstormProjects/AsuPhpAdminPanel/config/session_init.php on line 6
[16-Sep-2025 19:37:24 UTC] PHP Warning:  ini_set(): Session ini settings cannot be changed when a session is active in /Users/saidpaculia/PhpstormProjects/AsuPhpAdminPanel/config/session_init.php on line 7
[16-Sep-2025 19:37:24 UTC] PHP Warning:  ini_set(): Session ini settings cannot be changed when a session is active in /Users/saidpaculia/PhpstormProjects/AsuPhpAdminPanel/config/session_init.php on line 12
[16-Sep-2025 19:37:30 UTC] PHP Warning:  ini_set(): Session ini settings cannot be changed when a session is active in /Users/saidpaculia/PhpstormProjects/AsuPhpAdminPanel/config/session_init.php on line 5
[16-Sep-2025 19:37:30 UTC] PHP Warning:  ini_set(): Session ini settings cannot be changed when a session is active in /Users/saidpaculia/PhpstormProjects/AsuPhpAdminPanel/config/session_init.php on line 6
[16-Sep-2025 19:37:30 UTC] PHP Warning:  ini_set(): Session ini settings cannot be changed when a session is active in /Users/saidpaculia/PhpstormProjects/AsuPhpAdminPanel/config/session_init.php on line 7
[16-Sep-2025 19:37:30 UTC] PHP Warning:  ini_set(): Session ini settings cannot be changed when a session is active in /Users/saidpaculia/PhpstormProjects/AsuPhpAdminPanel/config/session_init.php on line 12
[16-Sep-2025 19:37:39 UTC] PHP Warning:  ini_set(): Session ini settings cannot be changed when a session is active in /Users/saidpaculia/PhpstormProjects/AsuPhpAdminPanel/config/session_init.php on line 5
[16-Sep-2025 19:37:39 UTC] PHP Warning:  ini_set(): Session ini settings cannot be changed when a session is active in /Users/saidpaculia/PhpstormProjects/AsuPhpAdminPanel/config/session_init.php on line 6
[16-Sep-2025 19:37:39 UTC] PHP Warning:  ini_set(): Session ini settings cannot be changed when a session is active in /Users/saidpaculia/PhpstormProjects/AsuPhpAdminPanel/config/session_init.php on line 7
[16-Sep-2025 19:37:39 UTC] PHP Warning:  ini_set(): Session ini settings cannot be changed when a session is active in /Users/saidpaculia/PhpstormProjects/AsuPhpAdminPanel/config/session_init.php on line 12
[16-Sep-2025 19:37:43 UTC] PHP Warning:  ini_set(): Session ini settings cannot be changed when a session is active in /Users/saidpaculia/PhpstormProjects/AsuPhpAdminPanel/config/session_init.php on line 5
[16-Sep-2025 19:37:43 UTC] PHP Warning:  ini_set(): Session ini settings cannot be changed when a session is active in /Users/saidpaculia/PhpstormProjects/AsuPhpAdminPanel/config/session_init.php on line 6
[16-Sep-2025 19:37:43 UTC] PHP Warning:  ini_set(): Session ini settings cannot be changed when a session is active in /Users/saidpaculia/PhpstormProjects/AsuPhpAdminPanel/config/session_init.php on line 7
[16-Sep-2025 19:37:43 UTC] PHP Warning:  ini_set(): Session ini settings cannot be changed when a session is active in /Users/saidpaculia/PhpstormProjects/AsuPhpAdminPanel/config/session_init.php on line 12
[16-Sep-2025 19:37:45 UTC] PHP Warning:  ini_set(): Session ini settings cannot be changed when a session is active in /Users/saidpaculia/PhpstormProjects/AsuPhpAdminPanel/config/session_init.php on line 5
[16-Sep-2025 19:37:45 UTC] PHP Warning:  ini_set(): Session ini settings cannot be changed when a session is active in /Users/saidpaculia/PhpstormProjects/AsuPhpAdminPanel/config/session_init.php on line 6
[16-Sep-2025 19:37:45 UTC] PHP Warning:  ini_set(): Session ini settings cannot be changed when a session is active in /Users/saidpaculia/PhpstormProjects/AsuPhpAdminPanel/config/session_init.php on line 7
[16-Sep-2025 19:37:45 UTC] PHP Warning:  ini_set(): Session ini settings cannot be changed when a session is active in /Users/saidpaculia/PhpstormProjects/AsuPhpAdminPanel/config/session_init.php on line 12
[16-Sep-2025 19:37:48 UTC] PHP Warning:  ini_set(): Session ini settings cannot be changed when a session is active in /Users/saidpaculia/PhpstormProjects/AsuPhpAdminPanel/config/session_init.php on line 5
[16-Sep-2025 19:37:48 UTC] PHP Warning:  ini_set(): Session ini settings cannot be changed when a session is active in /Users/saidpaculia/PhpstormProjects/AsuPhpAdminPanel/config/session_init.php on line 6
[16-Sep-2025 19:37:48 UTC] PHP Warning:  ini_set(): Session ini settings cannot be changed when a session is active in /Users/saidpaculia/PhpstormProjects/AsuPhpAdminPanel/config/session_init.php on line 7
[16-Sep-2025 19:37:48 UTC] PHP Warning:  ini_set(): Session ini settings cannot be changed when a session is active in /Users/saidpaculia/PhpstormProjects/AsuPhpAdminPanel/config/session_init.php on line 12
[16-Sep-2025 19:37:52 UTC] PHP Warning:  ini_set(): Session ini settings cannot be changed when a session is active in /Users/saidpaculia/PhpstormProjects/AsuPhpAdminPanel/config/session_init.php on line 5
[16-Sep-2025 19:37:52 UTC] PHP Warning:  ini_set(): Session ini settings cannot be changed when a session is active in /Users/saidpaculia/PhpstormProjects/AsuPhpAdminPanel/config/session_init.php on line 6
[16-Sep-2025 19:37:52 UTC] PHP Warning:  ini_set(): Session ini settings cannot be changed when a session is active in /Users/saidpaculia/PhpstormProjects/AsuPhpAdminPanel/config/session_init.php on line 7
[16-Sep-2025 19:37:52 UTC] PHP Warning:  ini_set(): Session ini settings cannot be changed when a session is active in /Users/saidpaculia/PhpstormProjects/AsuPhpAdminPanel/config/session_init.php on line 12
[16-Sep-2025 19:37:54 UTC] PHP Warning:  ini_set(): Session ini settings cannot be changed when a session is active in /Users/saidpaculia/PhpstormProjects/AsuPhpAdminPanel/config/session_init.php on line 5
[16-Sep-2025 19:37:54 UTC] PHP Warning:  ini_set(): Session ini settings cannot be changed when a session is active in /Users/saidpaculia/PhpstormProjects/AsuPhpAdminPanel/config/session_init.php on line 6
[16-Sep-2025 19:37:54 UTC] PHP Warning:  ini_set(): Session ini settings cannot be changed when a session is active in /Users/saidpaculia/PhpstormProjects/AsuPhpAdminPanel/config/session_init.php on line 7
[16-Sep-2025 19:37:54 UTC] PHP Warning:  ini_set(): Session ini settings cannot be changed when a session is active in /Users/saidpaculia/PhpstormProjects/AsuPhpAdminPanel/config/session_init.php on line 12
[16-Sep-2025 19:37:58 UTC] PHP Warning:  ini_set(): Session ini settings cannot be changed when a session is active in /Users/saidpaculia/PhpstormProjects/AsuPhpAdminPanel/config/session_init.php on line 5
[16-Sep-2025 19:37:58 UTC] PHP Warning:  ini_set(): Session ini settings cannot be changed when a session is active in /Users/saidpaculia/PhpstormProjects/AsuPhpAdminPanel/config/session_init.php on line 6
[16-Sep-2025 19:37:58 UTC] PHP Warning:  ini_set(): Session ini settings cannot be changed when a session is active in /Users/saidpaculia/PhpstormProjects/AsuPhpAdminPanel/config/session_init.php on line 7
[16-Sep-2025 19:37:58 UTC] PHP Warning:  ini_set(): Session ini settings cannot be changed when a session is active in /Users/saidpaculia/PhpstormProjects/AsuPhpAdminPanel/config/session_init.php on line 12
[16-Sep-2025 19:37:58 UTC] PHP Warning:  ini_set(): Session ini settings cannot be changed when a session is active in /Users/saidpaculia/PhpstormProjects/AsuPhpAdminPanel/config/session_init.php on line 5
[16-Sep-2025 19:37:58 UTC] PHP Warning:  ini_set(): Session ini settings cannot be changed when a session is active in /Users/saidpaculia/PhpstormProjects/AsuPhpAdminPanel/config/session_init.php on line 6
[16-Sep-2025 19:37:58 UTC] PHP Warning:  ini_set(): Session ini settings cannot be changed when a session is active in /Users/saidpaculia/PhpstormProjects/AsuPhpAdminPanel/config/session_init.php on line 7
[16-Sep-2025 19:37:58 UTC] PHP Warning:  ini_set(): Session ini settings cannot be changed when a session is active in /Users/saidpaculia/PhpstormProjects/AsuPhpAdminPanel/config/session_init.php on line 12
[16-Sep-2025 19:39:40 UTC] PHP Warning:  ini_set(): Session ini settings cannot be changed when a session is active in /Users/saidpaculia/PhpstormProjects/AsuPhpAdminPanel/config/session_init.php on line 5
[16-Sep-2025 19:39:40 UTC] PHP Warning:  ini_set(): Session ini settings cannot be changed when a session is active in /Users/saidpaculia/PhpstormProjects/AsuPhpAdminPanel/config/session_init.php on line 6
[16-Sep-2025 19:39:40 UTC] PHP Warning:  ini_set(): Session ini settings cannot be changed when a session is active in /Users/saidpaculia/PhpstormProjects/AsuPhpAdminPanel/config/session_init.php on line 7
[16-Sep-2025 19:39:40 UTC] PHP Warning:  ini_set(): Session ini settings cannot be changed when a session is active in /Users/saidpaculia/PhpstormProjects/AsuPhpAdminPanel/config/session_init.php on line 12
[16-Sep-2025 19:39:43 UTC] PHP Warning:  ini_set(): Session ini settings cannot be changed when a session is active in /Users/saidpaculia/PhpstormProjects/AsuPhpAdminPanel/config/session_init.php on line 5
[16-Sep-2025 19:39:43 UTC] PHP Warning:  ini_set(): Session ini settings cannot be changed when a session is active in /Users/saidpaculia/PhpstormProjects/AsuPhpAdminPanel/config/session_init.php on line 6
[16-Sep-2025 19:39:43 UTC] PHP Warning:  ini_set(): Session ini settings cannot be changed when a session is active in /Users/saidpaculia/PhpstormProjects/AsuPhpAdminPanel/config/session_init.php on line 7
[16-Sep-2025 19:39:43 UTC] PHP Warning:  ini_set(): Session ini settings cannot be changed when a session is active in /Users/saidpaculia/PhpstormProjects/AsuPhpAdminPanel/config/session_init.php on line 12
[16-Sep-2025 19:39:44 UTC] PHP Warning:  ini_set(): Session ini settings cannot be changed when a session is active in /Users/saidpaculia/PhpstormProjects/AsuPhpAdminPanel/config/session_init.php on line 5
[16-Sep-2025 19:39:44 UTC] PHP Warning:  ini_set(): Session ini settings cannot be changed when a session is active in /Users/saidpaculia/PhpstormProjects/AsuPhpAdminPanel/config/session_init.php on line 6
[16-Sep-2025 19:39:44 UTC] PHP Warning:  ini_set(): Session ini settings cannot be changed when a session is active in /Users/saidpaculia/PhpstormProjects/AsuPhpAdminPanel/config/session_init.php on line 7
[16-Sep-2025 19:39:44 UTC] PHP Warning:  ini_set(): Session ini settings cannot be changed when a session is active in /Users/saidpaculia/PhpstormProjects/AsuPhpAdminPanel/config/session_init.php on line 12
[16-Sep-2025 19:39:45 UTC] PHP Warning:  ini_set(): Session ini settings cannot be changed when a session is active in /Users/saidpaculia/PhpstormProjects/AsuPhpAdminPanel/config/session_init.php on line 5
[16-Sep-2025 19:39:45 UTC] PHP Warning:  ini_set(): Session ini settings cannot be changed when a session is active in /Users/saidpaculia/PhpstormProjects/AsuPhpAdminPanel/config/session_init.php on line 6
[16-Sep-2025 19:39:45 UTC] PHP Warning:  ini_set(): Session ini settings cannot be changed when a session is active in /Users/saidpaculia/PhpstormProjects/AsuPhpAdminPanel/config/session_init.php on line 7
[16-Sep-2025 19:39:45 UTC] PHP Warning:  ini_set(): Session ini settings cannot be changed when a session is active in /Users/saidpaculia/PhpstormProjects/AsuPhpAdminPanel/config/session_init.php on line 12
[16-Sep-2025 19:39:48 UTC] PHP Warning:  ini_set(): Session ini settings cannot be changed when a session is active in /Users/saidpaculia/PhpstormProjects/AsuPhpAdminPanel/config/session_init.php on line 5
[16-Sep-2025 19:39:48 UTC] PHP Warning:  ini_set(): Session ini settings cannot be changed when a session is active in /Users/saidpaculia/PhpstormProjects/AsuPhpAdminPanel/config/session_init.php on line 6
[16-Sep-2025 19:39:48 UTC] PHP Warning:  ini_set(): Session ini settings cannot be changed when a session is active in /Users/saidpaculia/PhpstormProjects/AsuPhpAdminPanel/config/session_init.php on line 7
[16-Sep-2025 19:39:48 UTC] PHP Warning:  ini_set(): Session ini settings cannot be changed when a session is active in /Users/saidpaculia/PhpstormProjects/AsuPhpAdminPanel/config/session_init.php on line 12
[16-Sep-2025 19:39:50 UTC] PHP Warning:  ini_set(): Session ini settings cannot be changed when a session is active in /Users/saidpaculia/PhpstormProjects/AsuPhpAdminPanel/config/session_init.php on line 5
[16-Sep-2025 19:39:50 UTC] PHP Warning:  ini_set(): Session ini settings cannot be changed when a session is active in /Users/saidpaculia/PhpstormProjects/AsuPhpAdminPanel/config/session_init.php on line 6
[16-Sep-2025 19:39:50 UTC] PHP Warning:  ini_set(): Session ini settings cannot be changed when a session is active in /Users/saidpaculia/PhpstormProjects/AsuPhpAdminPanel/config/session_init.php on line 7
[16-Sep-2025 19:39:50 UTC] PHP Warning:  ini_set(): Session ini settings cannot be changed when a session is active in /Users/saidpaculia/PhpstormProjects/AsuPhpAdminPanel/config/session_init.php on line 12
[16-Sep-2025 19:39:53 UTC] PHP Warning:  ini_set(): Session ini settings cannot be changed when a session is active in /Users/saidpaculia/PhpstormProjects/AsuPhpAdminPanel/config/session_init.php on line 5
[16-Sep-2025 19:39:53 UTC] PHP Warning:  ini_set(): Session ini settings cannot be changed when a session is active in /Users/saidpaculia/PhpstormProjects/AsuPhpAdminPanel/config/session_init.php on line 6
[16-Sep-2025 19:39:53 UTC] PHP Warning:  ini_set(): Session ini settings cannot be changed when a session is active in /Users/saidpaculia/PhpstormProjects/AsuPhpAdminPanel/config/session_init.php on line 7
[16-Sep-2025 19:39:53 UTC] PHP Warning:  ini_set(): Session ini settings cannot be changed when a session is active in /Users/saidpaculia/PhpstormProjects/AsuPhpAdminPanel/config/session_init.php on line 12
[16-Sep-2025 19:39:53 UTC] PHP Warning:  ini_set(): Session ini settings cannot be changed when a session is active in /Users/saidpaculia/PhpstormProjects/AsuPhpAdminPanel/config/session_init.php on line 5
[16-Sep-2025 19:39:53 UTC] PHP Warning:  ini_set(): Session ini settings cannot be changed when a session is active in /Users/saidpaculia/PhpstormProjects/AsuPhpAdminPanel/config/session_init.php on line 6
[16-Sep-2025 19:39:53 UTC] PHP Warning:  ini_set(): Session ini settings cannot be changed when a session is active in /Users/saidpaculia/PhpstormProjects/AsuPhpAdminPanel/config/session_init.php on line 7
[16-Sep-2025 19:39:53 UTC] PHP Warning:  ini_set(): Session ini settings cannot be changed when a session is active in /Users/saidpaculia/PhpstormProjects/AsuPhpAdminPanel/config/session_init.php on line 12
[16-Sep-2025 19:41:23 UTC] PHP Warning:  ini_set(): Session ini settings cannot be changed when a session is active in /Users/saidpaculia/PhpstormProjects/AsuPhpAdminPanel/config/session_init.php on line 5
[16-Sep-2025 19:41:23 UTC] PHP Warning:  ini_set(): Session ini settings cannot be changed when a session is active in /Users/saidpaculia/PhpstormProjects/AsuPhpAdminPanel/config/session_init.php on line 6
[16-Sep-2025 19:41:23 UTC] PHP Warning:  ini_set(): Session ini settings cannot be changed when a session is active in /Users/saidpaculia/PhpstormProjects/AsuPhpAdminPanel/config/session_init.php on line 7
[16-Sep-2025 19:41:23 UTC] PHP Warning:  ini_set(): Session ini settings cannot be changed when a session is active in /Users/saidpaculia/PhpstormProjects/AsuPhpAdminPanel/config/session_init.php on line 12
[16-Sep-2025 19:41:30 UTC] PHP Warning:  ini_set(): Session ini settings cannot be changed when a session is active in /Users/saidpaculia/PhpstormProjects/AsuPhpAdminPanel/config/session_init.php on line 5
[16-Sep-2025 19:41:30 UTC] PHP Warning:  ini_set(): Session ini settings cannot be changed when a session is active in /Users/saidpaculia/PhpstormProjects/AsuPhpAdminPanel/config/session_init.php on line 6
[16-Sep-2025 19:41:30 UTC] PHP Warning:  ini_set(): Session ini settings cannot be changed when a session is active in /Users/saidpaculia/PhpstormProjects/AsuPhpAdminPanel/config/session_init.php on line 7
[16-Sep-2025 19:41:30 UTC] PHP Warning:  ini_set(): Session ini settings cannot be changed when a session is active in /Users/saidpaculia/PhpstormProjects/AsuPhpAdminPanel/config/session_init.php on line 12
[16-Sep-2025 19:41:32 UTC] PHP Warning:  ini_set(): Session ini settings cannot be changed when a session is active in /Users/saidpaculia/PhpstormProjects/AsuPhpAdminPanel/config/session_init.php on line 5
[16-Sep-2025 19:41:32 UTC] PHP Warning:  ini_set(): Session ini settings cannot be changed when a session is active in /Users/saidpaculia/PhpstormProjects/AsuPhpAdminPanel/config/session_init.php on line 6
[16-Sep-2025 19:41:32 UTC] PHP Warning:  ini_set(): Session ini settings cannot be changed when a session is active in /Users/saidpaculia/PhpstormProjects/AsuPhpAdminPanel/config/session_init.php on line 7
[16-Sep-2025 19:41:32 UTC] PHP Warning:  ini_set(): Session ini settings cannot be changed when a session is active in /Users/saidpaculia/PhpstormProjects/AsuPhpAdminPanel/config/session_init.php on line 12
[16-Sep-2025 19:41:32 UTC] PHP Warning:  ini_set(): Session ini settings cannot be changed when a session is active in /Users/saidpaculia/PhpstormProjects/AsuPhpAdminPanel/config/session_init.php on line 5
[16-Sep-2025 19:41:32 UTC] PHP Warning:  ini_set(): Session ini settings cannot be changed when a session is active in /Users/saidpaculia/PhpstormProjects/AsuPhpAdminPanel/config/session_init.php on line 6
[16-Sep-2025 19:41:32 UTC] PHP Warning:  ini_set(): Session ini settings cannot be changed when a session is active in /Users/saidpaculia/PhpstormProjects/AsuPhpAdminPanel/config/session_init.php on line 7
[16-Sep-2025 19:41:32 UTC] PHP Warning:  ini_set(): Session ini settings cannot be changed when a session is active in /Users/saidpaculia/PhpstormProjects/AsuPhpAdminPanel/config/session_init.php on line 12
[16-Sep-2025 19:41:41 UTC] PHP Warning:  ini_set(): Session ini settings cannot be changed when a session is active in /Users/saidpaculia/PhpstormProjects/AsuPhpAdminPanel/config/session_init.php on line 5
[16-Sep-2025 19:41:41 UTC] PHP Warning:  ini_set(): Session ini settings cannot be changed when a session is active in /Users/saidpaculia/PhpstormProjects/AsuPhpAdminPanel/config/session_init.php on line 6
[16-Sep-2025 19:41:41 UTC] PHP Warning:  ini_set(): Session ini settings cannot be changed when a session is active in /Users/saidpaculia/PhpstormProjects/AsuPhpAdminPanel/config/session_init.php on line 7
[16-Sep-2025 19:41:41 UTC] PHP Warning:  ini_set(): Session ini settings cannot be changed when a session is active in /Users/saidpaculia/PhpstormProjects/AsuPhpAdminPanel/config/session_init.php on line 12
[16-Sep-2025 19:41:46 UTC] PHP Warning:  ini_set(): Session ini settings cannot be changed when a session is active in /Users/saidpaculia/PhpstormProjects/AsuPhpAdminPanel/config/session_init.php on line 5
[16-Sep-2025 19:41:46 UTC] PHP Warning:  ini_set(): Session ini settings cannot be changed when a session is active in /Users/saidpaculia/PhpstormProjects/AsuPhpAdminPanel/config/session_init.php on line 6
[16-Sep-2025 19:41:46 UTC] PHP Warning:  ini_set(): Session ini settings cannot be changed when a session is active in /Users/saidpaculia/PhpstormProjects/AsuPhpAdminPanel/config/session_init.php on line 7
[16-Sep-2025 19:41:46 UTC] PHP Warning:  ini_set(): Session ini settings cannot be changed when a session is active in /Users/saidpaculia/PhpstormProjects/AsuPhpAdminPanel/config/session_init.php on line 12
[16-Sep-2025 19:41:54 UTC] PHP Warning:  ini_set(): Session ini settings cannot be changed when a session is active in /Users/saidpaculia/PhpstormProjects/AsuPhpAdminPanel/config/session_init.php on line 5
[16-Sep-2025 19:41:54 UTC] PHP Warning:  ini_set(): Session ini settings cannot be changed when a session is active in /Users/saidpaculia/PhpstormProjects/AsuPhpAdminPanel/config/session_init.php on line 6
[16-Sep-2025 19:41:54 UTC] PHP Warning:  ini_set(): Session ini settings cannot be changed when a session is active in /Users/saidpaculia/PhpstormProjects/AsuPhpAdminPanel/config/session_init.php on line 7
[16-Sep-2025 19:41:54 UTC] PHP Warning:  ini_set(): Session ini settings cannot be changed when a session is active in /Users/saidpaculia/PhpstormProjects/AsuPhpAdminPanel/config/session_init.php on line 12
[16-Sep-2025 19:41:54 UTC] PHP Deprecated:  Constant FILTER_SANITIZE_STRING is deprecated in /Users/saidpaculia/PhpstormProjects/AsuPhpAdminPanel/admin_users.php on line 22
[16-Sep-2025 19:41:54 UTC] PHP Deprecated:  Constant FILTER_SANITIZE_STRING is deprecated in /Users/saidpaculia/PhpstormProjects/AsuPhpAdminPanel/admin_users.php on line 23
[16-Sep-2025 19:41:54 UTC] PHP Deprecated:  Constant FILTER_SANITIZE_STRING is deprecated in /Users/saidpaculia/PhpstormProjects/AsuPhpAdminPanel/admin_users.php on line 24
[16-Sep-2025 19:41:54 UTC] PHP Deprecated:  htmlspecialchars(): Passing null to parameter #1 ($string) of type string is deprecated in /Users/saidpaculia/PhpstormProjects/AsuPhpAdminPanel/admin_users.php on line 88
[16-Sep-2025 19:41:59 UTC] PHP Warning:  ini_set(): Session ini settings cannot be changed when a session is active in /Users/saidpaculia/PhpstormProjects/AsuPhpAdminPanel/config/session_init.php on line 5
[16-Sep-2025 19:41:59 UTC] PHP Warning:  ini_set(): Session ini settings cannot be changed when a session is active in /Users/saidpaculia/PhpstormProjects/AsuPhpAdminPanel/config/session_init.php on line 6
[16-Sep-2025 19:41:59 UTC] PHP Warning:  ini_set(): Session ini settings cannot be changed when a session is active in /Users/saidpaculia/PhpstormProjects/AsuPhpAdminPanel/config/session_init.php on line 7
[16-Sep-2025 19:41:59 UTC] PHP Warning:  ini_set(): Session ini settings cannot be changed when a session is active in /Users/saidpaculia/PhpstormProjects/AsuPhpAdminPanel/config/session_init.php on line 12
[16-Sep-2025 19:42:06 UTC] PHP Warning:  ini_set(): Session ini settings cannot be changed when a session is active in /Users/saidpaculia/PhpstormProjects/AsuPhpAdminPanel/config/session_init.php on line 5
[16-Sep-2025 19:42:06 UTC] PHP Warning:  ini_set(): Session ini settings cannot be changed when a session is active in /Users/saidpaculia/PhpstormProjects/AsuPhpAdminPanel/config/session_init.php on line 6
[16-Sep-2025 19:42:06 UTC] PHP Warning:  ini_set(): Session ini settings cannot be changed when a session is active in /Users/saidpaculia/PhpstormProjects/AsuPhpAdminPanel/config/session_init.php on line 7
[16-Sep-2025 19:42:06 UTC] PHP Warning:  ini_set(): Session ini settings cannot be changed when a session is active in /Users/saidpaculia/PhpstormProjects/AsuPhpAdminPanel/config/session_init.php on line 12
[16-Sep-2025 19:42:10 UTC] PHP Warning:  ini_set(): Session ini settings cannot be changed when a session is active in /Users/saidpaculia/PhpstormProjects/AsuPhpAdminPanel/config/session_init.php on line 5
[16-Sep-2025 19:42:10 UTC] PHP Warning:  ini_set(): Session ini settings cannot be changed when a session is active in /Users/saidpaculia/PhpstormProjects/AsuPhpAdminPanel/config/session_init.php on line 6
[16-Sep-2025 19:42:10 UTC] PHP Warning:  ini_set(): Session ini settings cannot be changed when a session is active in /Users/saidpaculia/PhpstormProjects/AsuPhpAdminPanel/config/session_init.php on line 7
[16-Sep-2025 19:42:10 UTC] PHP Warning:  ini_set(): Session ini settings cannot be changed when a session is active in /Users/saidpaculia/PhpstormProjects/AsuPhpAdminPanel/config/session_init.php on line 12
[16-Sep-2025 19:42:11 UTC] PHP Warning:  ini_set(): Session ini settings cannot be changed when a session is active in /Users/saidpaculia/PhpstormProjects/AsuPhpAdminPanel/config/session_init.php on line 5
[16-Sep-2025 19:42:11 UTC] PHP Warning:  ini_set(): Session ini settings cannot be changed when a session is active in /Users/saidpaculia/PhpstormProjects/AsuPhpAdminPanel/config/session_init.php on line 6
[16-Sep-2025 19:42:11 UTC] PHP Warning:  ini_set(): Session ini settings cannot be changed when a session is active in /Users/saidpaculia/PhpstormProjects/AsuPhpAdminPanel/config/session_init.php on line 7
[16-Sep-2025 19:42:11 UTC] PHP Warning:  ini_set(): Session ini settings cannot be changed when a session is active in /Users/saidpaculia/PhpstormProjects/AsuPhpAdminPanel/config/session_init.php on line 12
[16-Sep-2025 19:42:11 UTC] PHP Warning:  ini_set(): Session ini settings cannot be changed when a session is active in /Users/saidpaculia/PhpstormProjects/AsuPhpAdminPanel/config/session_init.php on line 5
[16-Sep-2025 19:42:11 UTC] PHP Warning:  ini_set(): Session ini settings cannot be changed when a session is active in /Users/saidpaculia/PhpstormProjects/AsuPhpAdminPanel/config/session_init.php on line 6
[16-Sep-2025 19:42:11 UTC] PHP Warning:  ini_set(): Session ini settings cannot be changed when a session is active in /Users/saidpaculia/PhpstormProjects/AsuPhpAdminPanel/config/session_init.php on line 7
[16-Sep-2025 19:42:11 UTC] PHP Warning:  ini_set(): Session ini settings cannot be changed when a session is active in /Users/saidpaculia/PhpstormProjects/AsuPhpAdminPanel/config/session_init.php on line 12
[16-Sep-2025 19:44:44 UTC] PHP Warning:  ini_set(): Session ini settings cannot be changed when a session is active in /Users/saidpaculia/PhpstormProjects/AsuPhpAdminPanel/config/session_init.php on line 5
[16-Sep-2025 19:44:44 UTC] PHP Warning:  ini_set(): Session ini settings cannot be changed when a session is active in /Users/saidpaculia/PhpstormProjects/AsuPhpAdminPanel/config/session_init.php on line 6
[16-Sep-2025 19:44:44 UTC] PHP Warning:  ini_set(): Session ini settings cannot be changed when a session is active in /Users/saidpaculia/PhpstormProjects/AsuPhpAdminPanel/config/session_init.php on line 7
[16-Sep-2025 19:44:44 UTC] PHP Warning:  ini_set(): Session ini settings cannot be changed when a session is active in /Users/saidpaculia/PhpstormProjects/AsuPhpAdminPanel/config/session_init.php on line 12
[16-Sep-2025 19:44:48 UTC] PHP Warning:  ini_set(): Session ini settings cannot be changed when a session is active in /Users/saidpaculia/PhpstormProjects/AsuPhpAdminPanel/config/session_init.php on line 5
[16-Sep-2025 19:44:48 UTC] PHP Warning:  ini_set(): Session ini settings cannot be changed when a session is active in /Users/saidpaculia/PhpstormProjects/AsuPhpAdminPanel/config/session_init.php on line 6
[16-Sep-2025 19:44:48 UTC] PHP Warning:  ini_set(): Session ini settings cannot be changed when a session is active in /Users/saidpaculia/PhpstormProjects/AsuPhpAdminPanel/config/session_init.php on line 7
[16-Sep-2025 19:44:48 UTC] PHP Warning:  ini_set(): Session ini settings cannot be changed when a session is active in /Users/saidpaculia/PhpstormProjects/AsuPhpAdminPanel/config/session_init.php on line 12
[16-Sep-2025 19:44:50 UTC] PHP Warning:  ini_set(): Session ini settings cannot be changed when a session is active in /Users/saidpaculia/PhpstormProjects/AsuPhpAdminPanel/config/session_init.php on line 5
[16-Sep-2025 19:44:50 UTC] PHP Warning:  ini_set(): Session ini settings cannot be changed when a session is active in /Users/saidpaculia/PhpstormProjects/AsuPhpAdminPanel/config/session_init.php on line 6
[16-Sep-2025 19:44:50 UTC] PHP Warning:  ini_set(): Session ini settings cannot be changed when a session is active in /Users/saidpaculia/PhpstormProjects/AsuPhpAdminPanel/config/session_init.php on line 7
[16-Sep-2025 19:44:50 UTC] PHP Warning:  ini_set(): Session ini settings cannot be changed when a session is active in /Users/saidpaculia/PhpstormProjects/AsuPhpAdminPanel/config/session_init.php on line 12
[16-Sep-2025 19:44:50 UTC] PHP Warning:  ini_set(): Session ini settings cannot be changed when a session is active in /Users/saidpaculia/PhpstormProjects/AsuPhpAdminPanel/config/session_init.php on line 5
[16-Sep-2025 19:44:50 UTC] PHP Warning:  ini_set(): Session ini settings cannot be changed when a session is active in /Users/saidpaculia/PhpstormProjects/AsuPhpAdminPanel/config/session_init.php on line 6
[16-Sep-2025 19:44:50 UTC] PHP Warning:  ini_set(): Session ini settings cannot be changed when a session is active in /Users/saidpaculia/PhpstormProjects/AsuPhpAdminPanel/config/session_init.php on line 7
[16-Sep-2025 19:44:50 UTC] PHP Warning:  ini_set(): Session ini settings cannot be changed when a session is active in /Users/saidpaculia/PhpstormProjects/AsuPhpAdminPanel/config/session_init.php on line 12
[16-Sep-2025 19:44:55 UTC] PHP Warning:  ini_set(): Session ini settings cannot be changed when a session is active in /Users/saidpaculia/PhpstormProjects/AsuPhpAdminPanel/config/session_init.php on line 5
[16-Sep-2025 19:44:55 UTC] PHP Warning:  ini_set(): Session ini settings cannot be changed when a session is active in /Users/saidpaculia/PhpstormProjects/AsuPhpAdminPanel/config/session_init.php on line 6
[16-Sep-2025 19:44:55 UTC] PHP Warning:  ini_set(): Session ini settings cannot be changed when a session is active in /Users/saidpaculia/PhpstormProjects/AsuPhpAdminPanel/config/session_init.php on line 7
[16-Sep-2025 19:44:55 UTC] PHP Warning:  ini_set(): Session ini settings cannot be changed when a session is active in /Users/saidpaculia/PhpstormProjects/AsuPhpAdminPanel/config/session_init.php on line 12
[16-Sep-2025 19:45:01 UTC] PHP Warning:  ini_set(): Session ini settings cannot be changed when a session is active in /Users/saidpaculia/PhpstormProjects/AsuPhpAdminPanel/config/session_init.php on line 5
[16-Sep-2025 19:45:01 UTC] PHP Warning:  ini_set(): Session ini settings cannot be changed when a session is active in /Users/saidpaculia/PhpstormProjects/AsuPhpAdminPanel/config/session_init.php on line 6
[16-Sep-2025 19:45:01 UTC] PHP Warning:  ini_set(): Session ini settings cannot be changed when a session is active in /Users/saidpaculia/PhpstormProjects/AsuPhpAdminPanel/config/session_init.php on line 7
[16-Sep-2025 19:45:01 UTC] PHP Warning:  ini_set(): Session ini settings cannot be changed when a session is active in /Users/saidpaculia/PhpstormProjects/AsuPhpAdminPanel/config/session_init.php on line 12
[16-Sep-2025 19:45:05 UTC] PHP Warning:  ini_set(): Session ini settings cannot be changed when a session is active in /Users/saidpaculia/PhpstormProjects/AsuPhpAdminPanel/config/session_init.php on line 5
[16-Sep-2025 19:45:05 UTC] PHP Warning:  ini_set(): Session ini settings cannot be changed when a session is active in /Users/saidpaculia/PhpstormProjects/AsuPhpAdminPanel/config/session_init.php on line 6
[16-Sep-2025 19:45:05 UTC] PHP Warning:  ini_set(): Session ini settings cannot be changed when a session is active in /Users/saidpaculia/PhpstormProjects/AsuPhpAdminPanel/config/session_init.php on line 7
[16-Sep-2025 19:45:05 UTC] PHP Warning:  ini_set(): Session ini settings cannot be changed when a session is active in /Users/saidpaculia/PhpstormProjects/AsuPhpAdminPanel/config/session_init.php on line 12
[16-Sep-2025 19:52:59 UTC] PHP Warning:  ini_set(): Session ini settings cannot be changed when a session is active in /Users/saidpaculia/PhpstormProjects/AsuPhpAdminPanel/config/session_init.php on line 5
[16-Sep-2025 19:52:59 UTC] PHP Warning:  ini_set(): Session ini settings cannot be changed when a session is active in /Users/saidpaculia/PhpstormProjects/AsuPhpAdminPanel/config/session_init.php on line 6
[16-Sep-2025 19:52:59 UTC] PHP Warning:  ini_set(): Session ini settings cannot be changed when a session is active in /Users/saidpaculia/PhpstormProjects/AsuPhpAdminPanel/config/session_init.php on line 7
[16-Sep-2025 19:52:59 UTC] PHP Warning:  ini_set(): Session ini settings cannot be changed when a session is active in /Users/saidpaculia/PhpstormProjects/AsuPhpAdminPanel/config/session_init.php on line 12
[16-Sep-2025 19:54:44 UTC] PHP Warning:  ini_set(): Session ini settings cannot be changed when a session is active in /Users/saidpaculia/PhpstormProjects/AsuPhpAdminPanel/config/session_init.php on line 5
[16-Sep-2025 19:54:44 UTC] PHP Warning:  ini_set(): Session ini settings cannot be changed when a session is active in /Users/saidpaculia/PhpstormProjects/AsuPhpAdminPanel/config/session_init.php on line 6
[16-Sep-2025 19:54:44 UTC] PHP Warning:  ini_set(): Session ini settings cannot be changed when a session is active in /Users/saidpaculia/PhpstormProjects/AsuPhpAdminPanel/config/session_init.php on line 7
[16-Sep-2025 19:54:44 UTC] PHP Warning:  ini_set(): Session ini settings cannot be changed when a session is active in /Users/saidpaculia/PhpstormProjects/AsuPhpAdminPanel/config/session_init.php on line 12
[16-Sep-2025 19:57:22 UTC] PHP Deprecated:  Constant FILTER_SANITIZE_STRING is deprecated in /Users/saidpaculia/PhpstormProjects/AsuPhpAdminPanel/authenticate.php on line 23
[16-Sep-2025 19:57:23 UTC] PHP Warning:  ini_set(): Session ini settings cannot be changed when a session is active in /Users/saidpaculia/PhpstormProjects/AsuPhpAdminPanel/config/session_init.php on line 5
[16-Sep-2025 19:57:23 UTC] PHP Warning:  ini_set(): Session ini settings cannot be changed when a session is active in /Users/saidpaculia/PhpstormProjects/AsuPhpAdminPanel/config/session_init.php on line 6
[16-Sep-2025 19:57:23 UTC] PHP Warning:  ini_set(): Session ini settings cannot be changed when a session is active in /Users/saidpaculia/PhpstormProjects/AsuPhpAdminPanel/config/session_init.php on line 7
[16-Sep-2025 19:57:23 UTC] PHP Warning:  ini_set(): Session ini settings cannot be changed when a session is active in /Users/saidpaculia/PhpstormProjects/AsuPhpAdminPanel/config/session_init.php on line 12
[16-Sep-2025 19:57:30 UTC] PHP Warning:  ini_set(): Session ini settings cannot be changed when a session is active in /Users/saidpaculia/PhpstormProjects/AsuPhpAdminPanel/config/session_init.php on line 5
[16-Sep-2025 19:57:30 UTC] PHP Warning:  ini_set(): Session ini settings cannot be changed when a session is active in /Users/saidpaculia/PhpstormProjects/AsuPhpAdminPanel/config/session_init.php on line 6
[16-Sep-2025 19:57:30 UTC] PHP Warning:  ini_set(): Session ini settings cannot be changed when a session is active in /Users/saidpaculia/PhpstormProjects/AsuPhpAdminPanel/config/session_init.php on line 7
[16-Sep-2025 19:57:30 UTC] PHP Warning:  ini_set(): Session ini settings cannot be changed when a session is active in /Users/saidpaculia/PhpstormProjects/AsuPhpAdminPanel/config/session_init.php on line 12
[16-Sep-2025 19:57:32 UTC] PHP Warning:  ini_set(): Session ini settings cannot be changed when a session is active in /Users/saidpaculia/PhpstormProjects/AsuPhpAdminPanel/config/session_init.php on line 5
[16-Sep-2025 19:57:32 UTC] PHP Warning:  ini_set(): Session ini settings cannot be changed when a session is active in /Users/saidpaculia/PhpstormProjects/AsuPhpAdminPanel/config/session_init.php on line 6
[16-Sep-2025 19:57:32 UTC] PHP Warning:  ini_set(): Session ini settings cannot be changed when a session is active in /Users/saidpaculia/PhpstormProjects/AsuPhpAdminPanel/config/session_init.php on line 7
[16-Sep-2025 19:57:32 UTC] PHP Warning:  ini_set(): Session ini settings cannot be changed when a session is active in /Users/saidpaculia/PhpstormProjects/AsuPhpAdminPanel/config/session_init.php on line 12
[16-Sep-2025 19:57:35 UTC] PHP Warning:  ini_set(): Session ini settings cannot be changed when a session is active in /Users/saidpaculia/PhpstormProjects/AsuPhpAdminPanel/config/session_init.php on line 5
[16-Sep-2025 19:57:35 UTC] PHP Warning:  ini_set(): Session ini settings cannot be changed when a session is active in /Users/saidpaculia/PhpstormProjects/AsuPhpAdminPanel/config/session_init.php on line 6
[16-Sep-2025 19:57:35 UTC] PHP Warning:  ini_set(): Session ini settings cannot be changed when a session is active in /Users/saidpaculia/PhpstormProjects/AsuPhpAdminPanel/config/session_init.php on line 7
[16-Sep-2025 19:57:35 UTC] PHP Warning:  ini_set(): Session ini settings cannot be changed when a session is active in /Users/saidpaculia/PhpstormProjects/AsuPhpAdminPanel/config/session_init.php on line 12
[16-Sep-2025 19:57:38 UTC] PHP Warning:  ini_set(): Session ini settings cannot be changed when a session is active in /Users/saidpaculia/PhpstormProjects/AsuPhpAdminPanel/config/session_init.php on line 5
[16-Sep-2025 19:57:38 UTC] PHP Warning:  ini_set(): Session ini settings cannot be changed when a session is active in /Users/saidpaculia/PhpstormProjects/AsuPhpAdminPanel/config/session_init.php on line 6
[16-Sep-2025 19:57:38 UTC] PHP Warning:  ini_set(): Session ini settings cannot be changed when a session is active in /Users/saidpaculia/PhpstormProjects/AsuPhpAdminPanel/config/session_init.php on line 7
[16-Sep-2025 19:57:38 UTC] PHP Warning:  ini_set(): Session ini settings cannot be changed when a session is active in /Users/saidpaculia/PhpstormProjects/AsuPhpAdminPanel/config/session_init.php on line 12
[16-Sep-2025 19:57:45 UTC] PHP Warning:  ini_set(): Session ini settings cannot be changed when a session is active in /Users/saidpaculia/PhpstormProjects/AsuPhpAdminPanel/config/session_init.php on line 5
[16-Sep-2025 19:57:45 UTC] PHP Warning:  ini_set(): Session ini settings cannot be changed when a session is active in /Users/saidpaculia/PhpstormProjects/AsuPhpAdminPanel/config/session_init.php on line 6
[16-Sep-2025 19:57:45 UTC] PHP Warning:  ini_set(): Session ini settings cannot be changed when a session is active in /Users/saidpaculia/PhpstormProjects/AsuPhpAdminPanel/config/session_init.php on line 7
[16-Sep-2025 19:57:45 UTC] PHP Warning:  ini_set(): Session ini settings cannot be changed when a session is active in /Users/saidpaculia/PhpstormProjects/AsuPhpAdminPanel/config/session_init.php on line 12
[16-Sep-2025 19:57:59 UTC] PHP Warning:  ini_set(): Session ini settings cannot be changed when a session is active in /Users/saidpaculia/PhpstormProjects/AsuPhpAdminPanel/config/session_init.php on line 5
[16-Sep-2025 19:57:59 UTC] PHP Warning:  ini_set(): Session ini settings cannot be changed when a session is active in /Users/saidpaculia/PhpstormProjects/AsuPhpAdminPanel/config/session_init.php on line 6
[16-Sep-2025 19:57:59 UTC] PHP Warning:  ini_set(): Session ini settings cannot be changed when a session is active in /Users/saidpaculia/PhpstormProjects/AsuPhpAdminPanel/config/session_init.php on line 7
[16-Sep-2025 19:57:59 UTC] PHP Warning:  ini_set(): Session ini settings cannot be changed when a session is active in /Users/saidpaculia/PhpstormProjects/AsuPhpAdminPanel/config/session_init.php on line 12
[16-Sep-2025 19:58:10 UTC] PHP Warning:  ini_set(): Session ini settings cannot be changed when a session is active in /Users/saidpaculia/PhpstormProjects/AsuPhpAdminPanel/config/session_init.php on line 5
[16-Sep-2025 19:58:10 UTC] PHP Warning:  ini_set(): Session ini settings cannot be changed when a session is active in /Users/saidpaculia/PhpstormProjects/AsuPhpAdminPanel/config/session_init.php on line 6
[16-Sep-2025 19:58:10 UTC] PHP Warning:  ini_set(): Session ini settings cannot be changed when a session is active in /Users/saidpaculia/PhpstormProjects/AsuPhpAdminPanel/config/session_init.php on line 7
[16-Sep-2025 19:58:10 UTC] PHP Warning:  ini_set(): Session ini settings cannot be changed when a session is active in /Users/saidpaculia/PhpstormProjects/AsuPhpAdminPanel/config/session_init.php on line 12
[16-Sep-2025 19:58:10 UTC] PHP Deprecated:  Constant FILTER_SANITIZE_STRING is deprecated in /Users/saidpaculia/PhpstormProjects/AsuPhpAdminPanel/admin_users.php on line 22
[16-Sep-2025 19:58:10 UTC] PHP Deprecated:  Constant FILTER_SANITIZE_STRING is deprecated in /Users/saidpaculia/PhpstormProjects/AsuPhpAdminPanel/admin_users.php on line 23
[16-Sep-2025 19:58:10 UTC] PHP Deprecated:  Constant FILTER_SANITIZE_STRING is deprecated in /Users/saidpaculia/PhpstormProjects/AsuPhpAdminPanel/admin_users.php on line 24
[16-Sep-2025 19:58:10 UTC] PHP Deprecated:  htmlspecialchars(): Passing null to parameter #1 ($string) of type string is deprecated in /Users/saidpaculia/PhpstormProjects/AsuPhpAdminPanel/admin_users.php on line 88
[16-Sep-2025 19:58:12 UTC] PHP Warning:  ini_set(): Session ini settings cannot be changed when a session is active in /Users/saidpaculia/PhpstormProjects/AsuPhpAdminPanel/config/session_init.php on line 5
[16-Sep-2025 19:58:12 UTC] PHP Warning:  ini_set(): Session ini settings cannot be changed when a session is active in /Users/saidpaculia/PhpstormProjects/AsuPhpAdminPanel/config/session_init.php on line 6
[16-Sep-2025 19:58:12 UTC] PHP Warning:  ini_set(): Session ini settings cannot be changed when a session is active in /Users/saidpaculia/PhpstormProjects/AsuPhpAdminPanel/config/session_init.php on line 7
[16-Sep-2025 19:58:12 UTC] PHP Warning:  ini_set(): Session ini settings cannot be changed when a session is active in /Users/saidpaculia/PhpstormProjects/AsuPhpAdminPanel/config/session_init.php on line 12
[16-Sep-2025 19:58:12 UTC] PHP Warning:  ini_set(): Session ini settings cannot be changed when a session is active in /Users/saidpaculia/PhpstormProjects/AsuPhpAdminPanel/config/session_init.php on line 5
[16-Sep-2025 19:58:12 UTC] PHP Warning:  ini_set(): Session ini settings cannot be changed when a session is active in /Users/saidpaculia/PhpstormProjects/AsuPhpAdminPanel/config/session_init.php on line 6
[16-Sep-2025 19:58:12 UTC] PHP Warning:  ini_set(): Session ini settings cannot be changed when a session is active in /Users/saidpaculia/PhpstormProjects/AsuPhpAdminPanel/config/session_init.php on line 7
[16-Sep-2025 19:58:12 UTC] PHP Warning:  ini_set(): Session ini settings cannot be changed when a session is active in /Users/saidpaculia/PhpstormProjects/AsuPhpAdminPanel/config/session_init.php on line 12
[16-Sep-2025 19:58:12 UTC] PHP Deprecated:  Constant FILTER_SANITIZE_STRING is deprecated in /Users/saidpaculia/PhpstormProjects/AsuPhpAdminPanel/admin_users.php on line 22
[16-Sep-2025 19:58:12 UTC] PHP Deprecated:  Constant FILTER_SANITIZE_STRING is deprecated in /Users/saidpaculia/PhpstormProjects/AsuPhpAdminPanel/admin_users.php on line 23
[16-Sep-2025 19:58:12 UTC] PHP Deprecated:  Constant FILTER_SANITIZE_STRING is deprecated in /Users/saidpaculia/PhpstormProjects/AsuPhpAdminPanel/admin_users.php on line 24
[16-Sep-2025 19:58:12 UTC] PHP Deprecated:  htmlspecialchars(): Passing null to parameter #1 ($string) of type string is deprecated in /Users/saidpaculia/PhpstormProjects/AsuPhpAdminPanel/admin_users.php on line 88
[16-Sep-2025 19:58:17 UTC] PHP Warning:  ini_set(): Session ini settings cannot be changed when a session is active in /Users/saidpaculia/PhpstormProjects/AsuPhpAdminPanel/config/session_init.php on line 5
[16-Sep-2025 19:58:17 UTC] PHP Warning:  ini_set(): Session ini settings cannot be changed when a session is active in /Users/saidpaculia/PhpstormProjects/AsuPhpAdminPanel/config/session_init.php on line 6
[16-Sep-2025 19:58:17 UTC] PHP Warning:  ini_set(): Session ini settings cannot be changed when a session is active in /Users/saidpaculia/PhpstormProjects/AsuPhpAdminPanel/config/session_init.php on line 7
[16-Sep-2025 19:58:17 UTC] PHP Warning:  ini_set(): Session ini settings cannot be changed when a session is active in /Users/saidpaculia/PhpstormProjects/AsuPhpAdminPanel/config/session_init.php on line 12
[16-Sep-2025 19:58:21 UTC] PHP Warning:  ini_set(): Session ini settings cannot be changed when a session is active in /Users/saidpaculia/PhpstormProjects/AsuPhpAdminPanel/config/session_init.php on line 5
[16-Sep-2025 19:58:21 UTC] PHP Warning:  ini_set(): Session ini settings cannot be changed when a session is active in /Users/saidpaculia/PhpstormProjects/AsuPhpAdminPanel/config/session_init.php on line 6
[16-Sep-2025 19:58:21 UTC] PHP Warning:  ini_set(): Session ini settings cannot be changed when a session is active in /Users/saidpaculia/PhpstormProjects/AsuPhpAdminPanel/config/session_init.php on line 7
[16-Sep-2025 19:58:21 UTC] PHP Warning:  ini_set(): Session ini settings cannot be changed when a session is active in /Users/saidpaculia/PhpstormProjects/AsuPhpAdminPanel/config/session_init.php on line 12
[16-Sep-2025 19:58:21 UTC] PHP Deprecated:  Constant FILTER_SANITIZE_STRING is deprecated in /Users/saidpaculia/PhpstormProjects/AsuPhpAdminPanel/admin_users.php on line 22
[16-Sep-2025 19:58:21 UTC] PHP Deprecated:  Constant FILTER_SANITIZE_STRING is deprecated in /Users/saidpaculia/PhpstormProjects/AsuPhpAdminPanel/admin_users.php on line 23
[16-Sep-2025 19:58:21 UTC] PHP Deprecated:  Constant FILTER_SANITIZE_STRING is deprecated in /Users/saidpaculia/PhpstormProjects/AsuPhpAdminPanel/admin_users.php on line 24
[16-Sep-2025 19:58:21 UTC] PHP Deprecated:  htmlspecialchars(): Passing null to parameter #1 ($string) of type string is deprecated in /Users/saidpaculia/PhpstormProjects/AsuPhpAdminPanel/admin_users.php on line 88
[16-Sep-2025 19:58:23 UTC] PHP Warning:  ini_set(): Session ini settings cannot be changed when a session is active in /Users/saidpaculia/PhpstormProjects/AsuPhpAdminPanel/config/session_init.php on line 5
[16-Sep-2025 19:58:23 UTC] PHP Warning:  ini_set(): Session ini settings cannot be changed when a session is active in /Users/saidpaculia/PhpstormProjects/AsuPhpAdminPanel/config/session_init.php on line 6
[16-Sep-2025 19:58:23 UTC] PHP Warning:  ini_set(): Session ini settings cannot be changed when a session is active in /Users/saidpaculia/PhpstormProjects/AsuPhpAdminPanel/config/session_init.php on line 7
[16-Sep-2025 19:58:23 UTC] PHP Warning:  ini_set(): Session ini settings cannot be changed when a session is active in /Users/saidpaculia/PhpstormProjects/AsuPhpAdminPanel/config/session_init.php on line 12
[16-Sep-2025 19:58:23 UTC] PHP Deprecated:  Constant FILTER_SANITIZE_STRING is deprecated in /Users/saidpaculia/PhpstormProjects/AsuPhpAdminPanel/admin_users.php on line 22
[16-Sep-2025 19:58:23 UTC] PHP Deprecated:  Constant FILTER_SANITIZE_STRING is deprecated in /Users/saidpaculia/PhpstormProjects/AsuPhpAdminPanel/admin_users.php on line 23
[16-Sep-2025 19:58:23 UTC] PHP Deprecated:  Constant FILTER_SANITIZE_STRING is deprecated in /Users/saidpaculia/PhpstormProjects/AsuPhpAdminPanel/admin_users.php on line 24
[16-Sep-2025 19:58:23 UTC] PHP Deprecated:  htmlspecialchars(): Passing null to parameter #1 ($string) of type string is deprecated in /Users/saidpaculia/PhpstormProjects/AsuPhpAdminPanel/admin_users.php on line 88
[16-Sep-2025 20:08:04 UTC] PHP Warning:  ini_set(): Session ini settings cannot be changed when a session is active in /Users/saidpaculia/PhpstormProjects/AsuPhpAdminPanel/config/session_init.php on line 5
[16-Sep-2025 20:08:04 UTC] PHP Warning:  ini_set(): Session ini settings cannot be changed when a session is active in /Users/saidpaculia/PhpstormProjects/AsuPhpAdminPanel/config/session_init.php on line 6
[16-Sep-2025 20:08:04 UTC] PHP Warning:  ini_set(): Session ini settings cannot be changed when a session is active in /Users/saidpaculia/PhpstormProjects/AsuPhpAdminPanel/config/session_init.php on line 7
[16-Sep-2025 20:08:04 UTC] PHP Warning:  ini_set(): Session ini settings cannot be changed when a session is active in /Users/saidpaculia/PhpstormProjects/AsuPhpAdminPanel/config/session_init.php on line 12
[16-Sep-2025 20:08:09 UTC] PHP Warning:  ini_set(): Session ini settings cannot be changed when a session is active in /Users/saidpaculia/PhpstormProjects/AsuPhpAdminPanel/config/session_init.php on line 5
[16-Sep-2025 20:08:09 UTC] PHP Warning:  ini_set(): Session ini settings cannot be changed when a session is active in /Users/saidpaculia/PhpstormProjects/AsuPhpAdminPanel/config/session_init.php on line 6
[16-Sep-2025 20:08:09 UTC] PHP Warning:  ini_set(): Session ini settings cannot be changed when a session is active in /Users/saidpaculia/PhpstormProjects/AsuPhpAdminPanel/config/session_init.php on line 7
[16-Sep-2025 20:08:09 UTC] PHP Warning:  ini_set(): Session ini settings cannot be changed when a session is active in /Users/saidpaculia/PhpstormProjects/AsuPhpAdminPanel/config/session_init.php on line 12
[16-Sep-2025 20:08:20 UTC] PHP Warning:  ini_set(): Session ini settings cannot be changed when a session is active in /Users/saidpaculia/PhpstormProjects/AsuPhpAdminPanel/config/session_init.php on line 5
[16-Sep-2025 20:08:20 UTC] PHP Warning:  ini_set(): Session ini settings cannot be changed when a session is active in /Users/saidpaculia/PhpstormProjects/AsuPhpAdminPanel/config/session_init.php on line 6
[16-Sep-2025 20:08:20 UTC] PHP Warning:  ini_set(): Session ini settings cannot be changed when a session is active in /Users/saidpaculia/PhpstormProjects/AsuPhpAdminPanel/config/session_init.php on line 7
[16-Sep-2025 20:08:20 UTC] PHP Warning:  ini_set(): Session ini settings cannot be changed when a session is active in /Users/saidpaculia/PhpstormProjects/AsuPhpAdminPanel/config/session_init.php on line 12
[16-Sep-2025 20:08:24 UTC] PHP Warning:  ini_set(): Session ini settings cannot be changed when a session is active in /Users/saidpaculia/PhpstormProjects/AsuPhpAdminPanel/config/session_init.php on line 5
[16-Sep-2025 20:08:24 UTC] PHP Warning:  ini_set(): Session ini settings cannot be changed when a session is active in /Users/saidpaculia/PhpstormProjects/AsuPhpAdminPanel/config/session_init.php on line 6
[16-Sep-2025 20:08:24 UTC] PHP Warning:  ini_set(): Session ini settings cannot be changed when a session is active in /Users/saidpaculia/PhpstormProjects/AsuPhpAdminPanel/config/session_init.php on line 7
[16-Sep-2025 20:08:24 UTC] PHP Warning:  ini_set(): Session ini settings cannot be changed when a session is active in /Users/saidpaculia/PhpstormProjects/AsuPhpAdminPanel/config/session_init.php on line 12
[16-Sep-2025 20:08:30 UTC] PHP Warning:  ini_set(): Session ini settings cannot be changed when a session is active in /Users/saidpaculia/PhpstormProjects/AsuPhpAdminPanel/config/session_init.php on line 5
[16-Sep-2025 20:08:30 UTC] PHP Warning:  ini_set(): Session ini settings cannot be changed when a session is active in /Users/saidpaculia/PhpstormProjects/AsuPhpAdminPanel/config/session_init.php on line 6
[16-Sep-2025 20:08:30 UTC] PHP Warning:  ini_set(): Session ini settings cannot be changed when a session is active in /Users/saidpaculia/PhpstormProjects/AsuPhpAdminPanel/config/session_init.php on line 7
[16-Sep-2025 20:08:30 UTC] PHP Warning:  ini_set(): Session ini settings cannot be changed when a session is active in /Users/saidpaculia/PhpstormProjects/AsuPhpAdminPanel/config/session_init.php on line 12
[16-Sep-2025 20:08:34 UTC] PHP Warning:  ini_set(): Session ini settings cannot be changed when a session is active in /Users/saidpaculia/PhpstormProjects/AsuPhpAdminPanel/config/session_init.php on line 5
[16-Sep-2025 20:08:34 UTC] PHP Warning:  ini_set(): Session ini settings cannot be changed when a session is active in /Users/saidpaculia/PhpstormProjects/AsuPhpAdminPanel/config/session_init.php on line 6
[16-Sep-2025 20:08:34 UTC] PHP Warning:  ini_set(): Session ini settings cannot be changed when a session is active in /Users/saidpaculia/PhpstormProjects/AsuPhpAdminPanel/config/session_init.php on line 7
[16-Sep-2025 20:08:34 UTC] PHP Warning:  ini_set(): Session ini settings cannot be changed when a session is active in /Users/saidpaculia/PhpstormProjects/AsuPhpAdminPanel/config/session_init.php on line 12
[16-Sep-2025 20:08:36 UTC] PHP Warning:  ini_set(): Session ini settings cannot be changed when a session is active in /Users/saidpaculia/PhpstormProjects/AsuPhpAdminPanel/config/session_init.php on line 5
[16-Sep-2025 20:08:36 UTC] PHP Warning:  ini_set(): Session ini settings cannot be changed when a session is active in /Users/saidpaculia/PhpstormProjects/AsuPhpAdminPanel/config/session_init.php on line 6
[16-Sep-2025 20:08:36 UTC] PHP Warning:  ini_set(): Session ini settings cannot be changed when a session is active in /Users/saidpaculia/PhpstormProjects/AsuPhpAdminPanel/config/session_init.php on line 7
[16-Sep-2025 20:08:36 UTC] PHP Warning:  ini_set(): Session ini settings cannot be changed when a session is active in /Users/saidpaculia/PhpstormProjects/AsuPhpAdminPanel/config/session_init.php on line 12
[16-Sep-2025 20:10:58 UTC] PHP Warning:  ini_set(): Session ini settings cannot be changed when a session is active in /Users/saidpaculia/PhpstormProjects/AsuPhpAdminPanel/config/session_init.php on line 5
[16-Sep-2025 20:10:58 UTC] PHP Warning:  ini_set(): Session ini settings cannot be changed when a session is active in /Users/saidpaculia/PhpstormProjects/AsuPhpAdminPanel/config/session_init.php on line 6
[16-Sep-2025 20:10:58 UTC] PHP Warning:  ini_set(): Session ini settings cannot be changed when a session is active in /Users/saidpaculia/PhpstormProjects/AsuPhpAdminPanel/config/session_init.php on line 7
[16-Sep-2025 20:10:58 UTC] PHP Warning:  ini_set(): Session ini settings cannot be changed when a session is active in /Users/saidpaculia/PhpstormProjects/AsuPhpAdminPanel/config/session_init.php on line 12
[16-Sep-2025 20:11:40 UTC] PHP Warning:  ini_set(): Session ini settings cannot be changed when a session is active in /Users/saidpaculia/PhpstormProjects/AsuPhpAdminPanel/config/session_init.php on line 5
[16-Sep-2025 20:11:40 UTC] PHP Warning:  ini_set(): Session ini settings cannot be changed when a session is active in /Users/saidpaculia/PhpstormProjects/AsuPhpAdminPanel/config/session_init.php on line 6
[16-Sep-2025 20:11:40 UTC] PHP Warning:  ini_set(): Session ini settings cannot be changed when a session is active in /Users/saidpaculia/PhpstormProjects/AsuPhpAdminPanel/config/session_init.php on line 7
[16-Sep-2025 20:11:40 UTC] PHP Warning:  ini_set(): Session ini settings cannot be changed when a session is active in /Users/saidpaculia/PhpstormProjects/AsuPhpAdminPanel/config/session_init.php on line 12
[16-Sep-2025 20:11:43 UTC] PHP Warning:  ini_set(): Session ini settings cannot be changed when a session is active in /Users/saidpaculia/PhpstormProjects/AsuPhpAdminPanel/config/session_init.php on line 5
[16-Sep-2025 20:11:43 UTC] PHP Warning:  ini_set(): Session ini settings cannot be changed when a session is active in /Users/saidpaculia/PhpstormProjects/AsuPhpAdminPanel/config/session_init.php on line 6
[16-Sep-2025 20:11:43 UTC] PHP Warning:  ini_set(): Session ini settings cannot be changed when a session is active in /Users/saidpaculia/PhpstormProjects/AsuPhpAdminPanel/config/session_init.php on line 7
[16-Sep-2025 20:11:43 UTC] PHP Warning:  ini_set(): Session ini settings cannot be changed when a session is active in /Users/saidpaculia/PhpstormProjects/AsuPhpAdminPanel/config/session_init.php on line 12
[16-Sep-2025 20:12:11 UTC] PHP Warning:  ini_set(): Session ini settings cannot be changed when a session is active in /Users/saidpaculia/PhpstormProjects/AsuPhpAdminPanel/config/session_init.php on line 5
[16-Sep-2025 20:12:11 UTC] PHP Warning:  ini_set(): Session ini settings cannot be changed when a session is active in /Users/saidpaculia/PhpstormProjects/AsuPhpAdminPanel/config/session_init.php on line 6
[16-Sep-2025 20:12:11 UTC] PHP Warning:  ini_set(): Session ini settings cannot be changed when a session is active in /Users/saidpaculia/PhpstormProjects/AsuPhpAdminPanel/config/session_init.php on line 7
[16-Sep-2025 20:12:11 UTC] PHP Warning:  ini_set(): Session ini settings cannot be changed when a session is active in /Users/saidpaculia/PhpstormProjects/AsuPhpAdminPanel/config/session_init.php on line 12
[16-Sep-2025 20:12:14 UTC] PHP Warning:  ini_set(): Session ini settings cannot be changed when a session is active in /Users/saidpaculia/PhpstormProjects/AsuPhpAdminPanel/config/session_init.php on line 5
[16-Sep-2025 20:12:14 UTC] PHP Warning:  ini_set(): Session ini settings cannot be changed when a session is active in /Users/saidpaculia/PhpstormProjects/AsuPhpAdminPanel/config/session_init.php on line 6
[16-Sep-2025 20:12:14 UTC] PHP Warning:  ini_set(): Session ini settings cannot be changed when a session is active in /Users/saidpaculia/PhpstormProjects/AsuPhpAdminPanel/config/session_init.php on line 7
[16-Sep-2025 20:12:14 UTC] PHP Warning:  ini_set(): Session ini settings cannot be changed when a session is active in /Users/saidpaculia/PhpstormProjects/AsuPhpAdminPanel/config/session_init.php on line 12
[16-Sep-2025 20:12:16 UTC] PHP Warning:  ini_set(): Session ini settings cannot be changed when a session is active in /Users/saidpaculia/PhpstormProjects/AsuPhpAdminPanel/config/session_init.php on line 5
[16-Sep-2025 20:12:16 UTC] PHP Warning:  ini_set(): Session ini settings cannot be changed when a session is active in /Users/saidpaculia/PhpstormProjects/AsuPhpAdminPanel/config/session_init.php on line 6
[16-Sep-2025 20:12:16 UTC] PHP Warning:  ini_set(): Session ini settings cannot be changed when a session is active in /Users/saidpaculia/PhpstormProjects/AsuPhpAdminPanel/config/session_init.php on line 7
[16-Sep-2025 20:12:16 UTC] PHP Warning:  ini_set(): Session ini settings cannot be changed when a session is active in /Users/saidpaculia/PhpstormProjects/AsuPhpAdminPanel/config/session_init.php on line 12
[16-Sep-2025 20:12:37 UTC] PHP Deprecated:  Constant FILTER_SANITIZE_STRING is deprecated in /Users/saidpaculia/PhpstormProjects/AsuPhpAdminPanel/authenticate.php on line 23
[16-Sep-2025 20:12:37 UTC] PHP Warning:  ini_set(): Session ini settings cannot be changed when a session is active in /Users/saidpaculia/PhpstormProjects/AsuPhpAdminPanel/config/session_init.php on line 5
[16-Sep-2025 20:12:37 UTC] PHP Warning:  ini_set(): Session ini settings cannot be changed when a session is active in /Users/saidpaculia/PhpstormProjects/AsuPhpAdminPanel/config/session_init.php on line 6
[16-Sep-2025 20:12:37 UTC] PHP Warning:  ini_set(): Session ini settings cannot be changed when a session is active in /Users/saidpaculia/PhpstormProjects/AsuPhpAdminPanel/config/session_init.php on line 7
[16-Sep-2025 20:12:37 UTC] PHP Warning:  ini_set(): Session ini settings cannot be changed when a session is active in /Users/saidpaculia/PhpstormProjects/AsuPhpAdminPanel/config/session_init.php on line 12
[16-Sep-2025 20:12:44 UTC] PHP Warning:  ini_set(): Session ini settings cannot be changed when a session is active in /Users/saidpaculia/PhpstormProjects/AsuPhpAdminPanel/config/session_init.php on line 5
[16-Sep-2025 20:12:44 UTC] PHP Warning:  ini_set(): Session ini settings cannot be changed when a session is active in /Users/saidpaculia/PhpstormProjects/AsuPhpAdminPanel/config/session_init.php on line 6
[16-Sep-2025 20:12:44 UTC] PHP Warning:  ini_set(): Session ini settings cannot be changed when a session is active in /Users/saidpaculia/PhpstormProjects/AsuPhpAdminPanel/config/session_init.php on line 7
[16-Sep-2025 20:12:44 UTC] PHP Warning:  ini_set(): Session ini settings cannot be changed when a session is active in /Users/saidpaculia/PhpstormProjects/AsuPhpAdminPanel/config/session_init.php on line 12
[16-Sep-2025 20:13:31 UTC] PHP Warning:  ini_set(): Session ini settings cannot be changed when a session is active in /Users/saidpaculia/PhpstormProjects/AsuPhpAdminPanel/config/session_init.php on line 5
[16-Sep-2025 20:13:31 UTC] PHP Warning:  ini_set(): Session ini settings cannot be changed when a session is active in /Users/saidpaculia/PhpstormProjects/AsuPhpAdminPanel/config/session_init.php on line 6
[16-Sep-2025 20:13:31 UTC] PHP Warning:  ini_set(): Session ini settings cannot be changed when a session is active in /Users/saidpaculia/PhpstormProjects/AsuPhpAdminPanel/config/session_init.php on line 7
[16-Sep-2025 20:13:31 UTC] PHP Warning:  ini_set(): Session ini settings cannot be changed when a session is active in /Users/saidpaculia/PhpstormProjects/AsuPhpAdminPanel/config/session_init.php on line 12
[16-Sep-2025 20:13:36 UTC] PHP Warning:  ini_set(): Session ini settings cannot be changed when a session is active in /Users/saidpaculia/PhpstormProjects/AsuPhpAdminPanel/config/session_init.php on line 5
[16-Sep-2025 20:13:36 UTC] PHP Warning:  ini_set(): Session ini settings cannot be changed when a session is active in /Users/saidpaculia/PhpstormProjects/AsuPhpAdminPanel/config/session_init.php on line 6
[16-Sep-2025 20:13:36 UTC] PHP Warning:  ini_set(): Session ini settings cannot be changed when a session is active in /Users/saidpaculia/PhpstormProjects/AsuPhpAdminPanel/config/session_init.php on line 7
[16-Sep-2025 20:13:36 UTC] PHP Warning:  ini_set(): Session ini settings cannot be changed when a session is active in /Users/saidpaculia/PhpstormProjects/AsuPhpAdminPanel/config/session_init.php on line 12
[16-Sep-2025 20:13:46 UTC] PHP Warning:  ini_set(): Session ini settings cannot be changed when a session is active in /Users/saidpaculia/PhpstormProjects/AsuPhpAdminPanel/config/session_init.php on line 5
[16-Sep-2025 20:13:46 UTC] PHP Warning:  ini_set(): Session ini settings cannot be changed when a session is active in /Users/saidpaculia/PhpstormProjects/AsuPhpAdminPanel/config/session_init.php on line 6
[16-Sep-2025 20:13:46 UTC] PHP Warning:  ini_set(): Session ini settings cannot be changed when a session is active in /Users/saidpaculia/PhpstormProjects/AsuPhpAdminPanel/config/session_init.php on line 7
[16-Sep-2025 20:13:46 UTC] PHP Warning:  ini_set(): Session ini settings cannot be changed when a session is active in /Users/saidpaculia/PhpstormProjects/AsuPhpAdminPanel/config/session_init.php on line 12
[16-Sep-2025 20:13:49 UTC] PHP Warning:  ini_set(): Session ini settings cannot be changed when a session is active in /Users/saidpaculia/PhpstormProjects/AsuPhpAdminPanel/config/session_init.php on line 5
[16-Sep-2025 20:13:49 UTC] PHP Warning:  ini_set(): Session ini settings cannot be changed when a session is active in /Users/saidpaculia/PhpstormProjects/AsuPhpAdminPanel/config/session_init.php on line 6
[16-Sep-2025 20:13:49 UTC] PHP Warning:  ini_set(): Session ini settings cannot be changed when a session is active in /Users/saidpaculia/PhpstormProjects/AsuPhpAdminPanel/config/session_init.php on line 7
[16-Sep-2025 20:13:49 UTC] PHP Warning:  ini_set(): Session ini settings cannot be changed when a session is active in /Users/saidpaculia/PhpstormProjects/AsuPhpAdminPanel/config/session_init.php on line 12
[16-Sep-2025 20:13:51 UTC] PHP Warning:  ini_set(): Session ini settings cannot be changed when a session is active in /Users/saidpaculia/PhpstormProjects/AsuPhpAdminPanel/config/session_init.php on line 5
[16-Sep-2025 20:13:51 UTC] PHP Warning:  ini_set(): Session ini settings cannot be changed when a session is active in /Users/saidpaculia/PhpstormProjects/AsuPhpAdminPanel/config/session_init.php on line 6
[16-Sep-2025 20:13:51 UTC] PHP Warning:  ini_set(): Session ini settings cannot be changed when a session is active in /Users/saidpaculia/PhpstormProjects/AsuPhpAdminPanel/config/session_init.php on line 7
[16-Sep-2025 20:13:51 UTC] PHP Warning:  ini_set(): Session ini settings cannot be changed when a session is active in /Users/saidpaculia/PhpstormProjects/AsuPhpAdminPanel/config/session_init.php on line 12
[16-Sep-2025 20:13:52 UTC] PHP Fatal error:  Allowed memory size of 134217728 bytes exhausted (tried to allocate 4194312 bytes) in /Users/saidpaculia/PhpstormProjects/AsuPhpAdminPanel/lib/MysqliDb/MysqliDb.php on line 1674
[16-Sep-2025 20:19:17 UTC] PHP Warning:  ini_set(): Session ini settings cannot be changed when a session is active in /Users/saidpaculia/PhpstormProjects/AsuPhpAdminPanel/config/session_init.php on line 5
[16-Sep-2025 20:19:17 UTC] PHP Warning:  ini_set(): Session ini settings cannot be changed when a session is active in /Users/saidpaculia/PhpstormProjects/AsuPhpAdminPanel/config/session_init.php on line 6
[16-Sep-2025 20:19:17 UTC] PHP Warning:  ini_set(): Session ini settings cannot be changed when a session is active in /Users/saidpaculia/PhpstormProjects/AsuPhpAdminPanel/config/session_init.php on line 7
[16-Sep-2025 20:19:17 UTC] PHP Warning:  ini_set(): Session ini settings cannot be changed when a session is active in /Users/saidpaculia/PhpstormProjects/AsuPhpAdminPanel/config/session_init.php on line 12
[16-Sep-2025 20:19:18 UTC] PHP Fatal error:  Allowed memory size of 134217728 bytes exhausted (tried to allocate 4194312 bytes) in /Users/saidpaculia/PhpstormProjects/AsuPhpAdminPanel/lib/MysqliDb/MysqliDb.php on line 1674
[16-Sep-2025 20:19:18 UTC] PHP Warning:  ini_set(): Session ini settings cannot be changed when a session is active in /Users/saidpaculia/PhpstormProjects/AsuPhpAdminPanel/config/session_init.php on line 5
[16-Sep-2025 20:19:18 UTC] PHP Warning:  ini_set(): Session ini settings cannot be changed when a session is active in /Users/saidpaculia/PhpstormProjects/AsuPhpAdminPanel/config/session_init.php on line 6
[16-Sep-2025 20:19:18 UTC] PHP Warning:  ini_set(): Session ini settings cannot be changed when a session is active in /Users/saidpaculia/PhpstormProjects/AsuPhpAdminPanel/config/session_init.php on line 7
[16-Sep-2025 20:19:18 UTC] PHP Warning:  ini_set(): Session ini settings cannot be changed when a session is active in /Users/saidpaculia/PhpstormProjects/AsuPhpAdminPanel/config/session_init.php on line 12
[16-Sep-2025 20:19:18 UTC] PHP Warning:  ini_set(): Session ini settings cannot be changed when a session is active in /Users/saidpaculia/PhpstormProjects/AsuPhpAdminPanel/config/session_init.php on line 5
[16-Sep-2025 20:19:18 UTC] PHP Warning:  ini_set(): Session ini settings cannot be changed when a session is active in /Users/saidpaculia/PhpstormProjects/AsuPhpAdminPanel/config/session_init.php on line 6
[16-Sep-2025 20:19:18 UTC] PHP Warning:  ini_set(): Session ini settings cannot be changed when a session is active in /Users/saidpaculia/PhpstormProjects/AsuPhpAdminPanel/config/session_init.php on line 7
[16-Sep-2025 20:19:18 UTC] PHP Warning:  ini_set(): Session ini settings cannot be changed when a session is active in /Users/saidpaculia/PhpstormProjects/AsuPhpAdminPanel/config/session_init.php on line 12
[16-Sep-2025 20:19:23 UTC] PHP Warning:  ini_set(): Session ini settings cannot be changed when a session is active in /Users/saidpaculia/PhpstormProjects/AsuPhpAdminPanel/config/session_init.php on line 5
[16-Sep-2025 20:19:23 UTC] PHP Warning:  ini_set(): Session ini settings cannot be changed when a session is active in /Users/saidpaculia/PhpstormProjects/AsuPhpAdminPanel/config/session_init.php on line 6
[16-Sep-2025 20:19:23 UTC] PHP Warning:  ini_set(): Session ini settings cannot be changed when a session is active in /Users/saidpaculia/PhpstormProjects/AsuPhpAdminPanel/config/session_init.php on line 7
[16-Sep-2025 20:19:23 UTC] PHP Warning:  ini_set(): Session ini settings cannot be changed when a session is active in /Users/saidpaculia/PhpstormProjects/AsuPhpAdminPanel/config/session_init.php on line 12
[16-Sep-2025 20:19:23 UTC] PHP Deprecated:  Constant FILTER_SANITIZE_STRING is deprecated in /Users/saidpaculia/PhpstormProjects/AsuPhpAdminPanel/admin_users.php on line 22
[16-Sep-2025 20:19:23 UTC] PHP Deprecated:  Constant FILTER_SANITIZE_STRING is deprecated in /Users/saidpaculia/PhpstormProjects/AsuPhpAdminPanel/admin_users.php on line 23
[16-Sep-2025 20:19:23 UTC] PHP Deprecated:  Constant FILTER_SANITIZE_STRING is deprecated in /Users/saidpaculia/PhpstormProjects/AsuPhpAdminPanel/admin_users.php on line 24
[16-Sep-2025 20:19:23 UTC] PHP Deprecated:  htmlspecialchars(): Passing null to parameter #1 ($string) of type string is deprecated in /Users/saidpaculia/PhpstormProjects/AsuPhpAdminPanel/admin_users.php on line 88
[16-Sep-2025 20:19:27 UTC] PHP Warning:  ini_set(): Session ini settings cannot be changed when a session is active in /Users/saidpaculia/PhpstormProjects/AsuPhpAdminPanel/config/session_init.php on line 5
[16-Sep-2025 20:19:27 UTC] PHP Warning:  ini_set(): Session ini settings cannot be changed when a session is active in /Users/saidpaculia/PhpstormProjects/AsuPhpAdminPanel/config/session_init.php on line 6
[16-Sep-2025 20:19:27 UTC] PHP Warning:  ini_set(): Session ini settings cannot be changed when a session is active in /Users/saidpaculia/PhpstormProjects/AsuPhpAdminPanel/config/session_init.php on line 7
[16-Sep-2025 20:19:27 UTC] PHP Warning:  ini_set(): Session ini settings cannot be changed when a session is active in /Users/saidpaculia/PhpstormProjects/AsuPhpAdminPanel/config/session_init.php on line 12
[16-Sep-2025 20:19:54 UTC] PHP Warning:  ini_set(): Session ini settings cannot be changed when a session is active in /Users/saidpaculia/PhpstormProjects/AsuPhpAdminPanel/config/session_init.php on line 5
[16-Sep-2025 20:19:54 UTC] PHP Warning:  ini_set(): Session ini settings cannot be changed when a session is active in /Users/saidpaculia/PhpstormProjects/AsuPhpAdminPanel/config/session_init.php on line 6
[16-Sep-2025 20:19:54 UTC] PHP Warning:  ini_set(): Session ini settings cannot be changed when a session is active in /Users/saidpaculia/PhpstormProjects/AsuPhpAdminPanel/config/session_init.php on line 7
[16-Sep-2025 20:19:54 UTC] PHP Warning:  ini_set(): Session ini settings cannot be changed when a session is active in /Users/saidpaculia/PhpstormProjects/AsuPhpAdminPanel/config/session_init.php on line 12
[16-Sep-2025 20:19:54 UTC] PHP Deprecated:  Constant FILTER_SANITIZE_STRING is deprecated in /Users/saidpaculia/PhpstormProjects/AsuPhpAdminPanel/add_admin.php on line 33
[16-Sep-2025 20:19:54 UTC] PHP Deprecated:  Constant FILTER_SANITIZE_STRING is deprecated in /Users/saidpaculia/PhpstormProjects/AsuPhpAdminPanel/add_admin.php on line 36
